  Determinando os projetos a serem restaurados...
  Todos os projetos est├úo atualizados para restaura├º├úo.
D:\git\Prism-Engine\Prism.Engine.Core\Components\SkinnedModelRendererComponent.cs(6,1): error CS1529: Uma cl├íusula using deve preceder todos os outros elementos definidos no namespace, exceto as declara├º├Áes de alias externas [D:\git\Prism-Engine\Prism.Engine.Core\Prism.Engine.Core.csproj]
D:\git\Prism-Engine\Prism.Engine.Core\Components\SkinnedModelRendererComponent.cs(7,1): error CS1529: Uma cl├íusula using deve preceder todos os outros elementos definidos no namespace, exceto as declara├º├Áes de alias externas [D:\git\Prism-Engine\Prism.Engine.Core\Prism.Engine.Core.csproj]
D:\git\Prism-Engine\Prism.Engine.Core\Components\SkinnedModelRendererComponent.cs(8,1): error CS1529: Uma cl├íusula using deve preceder todos os outros elementos definidos no namespace, exceto as declara├º├Áes de alias externas [D:\git\Prism-Engine\Prism.Engine.Core\Prism.Engine.Core.csproj]

FALHA da compila├º├úo.

D:\git\Prism-Engine\Prism.Engine.Core\Components\SkinnedModelRendererComponent.cs(6,1): error CS1529: Uma cl├íusula using deve preceder todos os outros elementos definidos no namespace, exceto as declara├º├Áes de alias externas [D:\git\Prism-Engine\Prism.Engine.Core\Prism.Engine.Core.csproj]
D:\git\Prism-Engine\Prism.Engine.Core\Components\SkinnedModelRendererComponent.cs(7,1): error CS1529: Uma cl├íusula using deve preceder todos os outros elementos definidos no namespace, exceto as declara├º├Áes de alias externas [D:\git\Prism-Engine\Prism.Engine.Core\Prism.Engine.Core.csproj]
D:\git\Prism-Engine\Prism.Engine.Core\Components\SkinnedModelRendererComponent.cs(8,1): error CS1529: Uma cl├íusula using deve preceder todos os outros elementos definidos no namespace, exceto as declara├º├Áes de alias externas [D:\git\Prism-Engine\Prism.Engine.Core\Prism.Engine.Core.csproj]
    0 Aviso(s)
    3 Erro(s)

Tempo Decorrido 00:00:00.56
